// Jest Snapshot v1, https://goo.gl/fbAQLP

exports[`renders a Card component 1`] = `
<div
  className="bg-light-green dib br3 pa3 ma2 grow bw2 shadow-5 tc"
>
  <img
    alt="robots"
    height="200"
    src="https://robohash.org/testundefined?200*200"
    width="200"
  />
  <div>
    <h2 />
    <p />
  </div>
</div>
`;
