// Jest Snapshot v1, https://goo.gl/fbAQLP

exports[`renders a CardList component 1`] = `
<div>
  <Card
    email="paulorubebe@gmail.com"
    id={1}
    key="0"
    name="Paul Orubebe"
  />
</div>
`;
