// Jest Snapshot v1, https://goo.gl/fbAQLP

exports[`renders a CounterButton component 1`] = `
<button
  className="ma3"
  color="red"
  id="counter"
  onClick={[Function]}
>
  Count: 
  0
</button>
`;
